../Core/Src/main.c:103:6:HAL_ADC_ConvCpltCallback	16	static
../Core/Src/main.c:112:6:HAL_UART_RxCpltCallback	16	static
../Core/Src/main.c:136:6:enviar_uart	16	static
../Core/Src/main.c:141:6:limpiar_buffers_filtro	16	static
../Core/Src/main.c:151:7:aplicar_filtro_iir	40	static
../Core/Src/main.c:180:6:procesar_comando	40	static
../Core/Src/main.c:239:5:main	88	static
../Core/Src/main.c:339:6:SystemClock_Config	88	static
../Core/Src/main.c:387:13:MX_ADC1_Init	24	static
../Core/Src/main.c:439:13:MX_DAC_Init	16	static
../Core/Src/main.c:479:13:MX_TIM4_Init	40	static
../Core/Src/main.c:525:13:MX_USART1_UART_Init	8	static
../Core/Src/main.c:558:13:MX_USART2_UART_Init	8	static
../Core/Src/main.c:591:13:MX_GPIO_Init	48	static
../Core/Src/main.c:637:6:Error_Handler	4	static,ignoring_inline_asm
