../Core/Src/main.c:103:6:HAL_ADC_ConvCpltCallback	2
../Core/Src/main.c:112:6:HAL_UART_RxCpltCallback	6
../Core/Src/main.c:136:6:enviar_uart	1
../Core/Src/main.c:141:6:limpiar_buffers_filtro	2
../Core/Src/main.c:151:7:aplicar_filtro_iir	5
../Core/Src/main.c:180:6:procesar_comando	14
../Core/Src/main.c:239:5:main	8
../Core/Src/main.c:339:6:SystemClock_Config	3
../Core/Src/main.c:387:13:MX_ADC1_Init	3
../Core/Src/main.c:439:13:MX_DAC_Init	3
../Core/Src/main.c:479:13:MX_TIM4_Init	4
../Core/Src/main.c:525:13:MX_USART1_UART_Init	2
../Core/Src/main.c:558:13:MX_USART2_UART_Init	2
../Core/Src/main.c:591:13:MX_GPIO_Init	1
../Core/Src/main.c:637:6:Error_Handler	1
