../Core/Src/main.c:89:6:HAL_UART_RxCpltCallback	16	static
../Core/Src/main.c:113:6:enviar_uart	16	static
../Core/Src/main.c:118:6:limpiar_buffers_filtro	16	static
../Core/Src/main.c:129:6:esperar_timer	4	static
../Core/Src/main.c:138:7:aplicar_filtro_iir	48	static
../Core/Src/main.c:166:10:leer_adc	16	static
../Core/Src/main.c:184:5:main	88	static
../Core/Src/main.c:341:6:SystemClock_Config	88	static
../Core/Src/main.c:382:13:MX_ADC1_Init	24	static
../Core/Src/main.c:439:13:MX_DAC_Init	16	static
../Core/Src/main.c:479:13:MX_TIM4_Init	40	static
../Core/Src/main.c:525:13:MX_USART1_UART_Init	8	static
../Core/Src/main.c:558:13:MX_USART2_UART_Init	8	static
../Core/Src/main.c:591:13:MX_GPIO_Init	48	static
../Core/Src/main.c:637:6:Error_Handler	4	static,ignoring_inline_asm
