../Core/Src/main.c:84:6:HAL_UART_RxCpltCallback	6
../Core/Src/main.c:108:6:enviar_uart	1
../Core/Src/main.c:113:6:limpiar_buffers_filtro	2
../Core/Src/main.c:123:7:aplicar_filtro_iir	5
../Core/Src/main.c:152:10:leer_adc	2
../Core/Src/main.c:170:5:main	18
../Core/Src/main.c:314:6:SystemClock_Config	3
../Core/Src/main.c:362:13:MX_ADC1_Init	3
../Core/Src/main.c:414:13:MX_DAC_Init	3
../Core/Src/main.c:454:13:MX_TIM4_Init	4
../Core/Src/main.c:500:13:MX_USART1_UART_Init	2
../Core/Src/main.c:533:13:MX_USART2_UART_Init	2
../Core/Src/main.c:566:13:MX_GPIO_Init	1
../Core/Src/main.c:612:6:Error_Handler	1
